// Jest Snapshot v1, https://goo.gl/fbAQLP

exports[`Button component unit testing Button render correctly 1`] = `
{
  "asFragment": [Function],
  "baseElement": <body>
    <div>
      <button
        class="undefined btn overflow-hidden relative w-64 bg-blue-500 text-white py-4 px-4 rounded-xl font-bold uppercase -- before:block before:absolute before:h-full before:w-1/2 before:rounded-full before:bg-orange-400 before:top-0 before:left-1/4 before:transition-transform before:opacity-0 before:hover:opacity-100 hover:text-orange-200 hover:before:animate-ping transition-all duration-300"
      >
        Button testing
      </button>
    </div>
  </body>,
  "container": <div>
    <button
      class="undefined btn overflow-hidden relative w-64 bg-blue-500 text-white py-4 px-4 rounded-xl font-bold uppercase -- before:block before:absolute before:h-full before:w-1/2 before:rounded-full before:bg-orange-400 before:top-0 before:left-1/4 before:transition-transform before:opacity-0 before:hover:opacity-100 hover:text-orange-200 hover:before:animate-ping transition-all duration-300"
    >
      Button testing
    </button>
  </div>,
  "debug": [Function],
  "findAllByAltText": [Function],
  "findAllByDisplayValue": [Function],
  "findAllByLabelText": [Function],
  "findAllByPlaceholderText": [Function],
  "findAllByRole": [Function],
  "findAllByTestId": [Function],
  "findAllByText": [Function],
  "findAllByTitle": [Function],
  "findByAltText": [Function],
  "findByDisplayValue": [Function],
  "findByLabelText": [Function],
  "findByPlaceholderText": [Function],
  "findByRole": [Function],
  "findByTestId": [Function],
  "findByText": [Function],
  "findByTitle": [Function],
  "getAllByAltText": [Function],
  "getAllByDisplayValue": [Function],
  "getAllByLabelText": [Function],
  "getAllByPlaceholderText": [Function],
  "getAllByRole": [Function],
  "getAllByTestId": [Function],
  "getAllByText": [Function],
  "getAllByTitle": [Function],
  "getByAltText": [Function],
  "getByDisplayValue": [Function],
  "getByLabelText": [Function],
  "getByPlaceholderText": [Function],
  "getByRole": [Function],
  "getByTestId": [Function],
  "getByText": [Function],
  "getByTitle": [Function],
  "queryAllByAltText": [Function],
  "queryAllByDisplayValue": [Function],
  "queryAllByLabelText": [Function],
  "queryAllByPlaceholderText": [Function],
  "queryAllByRole": [Function],
  "queryAllByTestId": [Function],
  "queryAllByText": [Function],
  "queryAllByTitle": [Function],
  "queryByAltText": [Function],
  "queryByDisplayValue": [Function],
  "queryByLabelText": [Function],
  "queryByPlaceholderText": [Function],
  "queryByRole": [Function],
  "queryByTestId": [Function],
  "queryByText": [Function],
  "queryByTitle": [Function],
  "rerender": [Function],
  "unmount": [Function],
}
`;
